Column 'appointment_id' cannot be null