
 RUN  v4.1.1 C:/Users/KORISNIK/Documents/App/backend

stdout | __tests__/security.test.js
[dotenv@17.3.1] injecting env (12) from .env -- tip: ÔÜí´ŞĆ secrets for agents: https://dotenvx.com/as2

node.exe : Sourcemap for "C:/U
sers/KORISNIK/Documents/App/ba
ckend/node_modules/node-cron/d
ist/esm/node-cron.js" points t
o missing source files
At line:1 char:1
+ & "C:\Program Files\nodejs/n
ode.exe" "C:\Program Files\nod
ejs/node_mo ...
+ ~~~~~~~~~~~~~~~~~~~~~~~~~~~~
~~~~~~~~~~~~~~~~~~~~~~~~~~~~~~
~~~~~~~~~~~
    + CategoryInfo          : 
    NotSpecified: (Sourcemap  
   for "...ng source files:   
 String) [], RemoteExcepti    
on
    + FullyQualifiedErrorId : 
    NativeCommandError
 
stdout | __tests__/security.test.js
Ôťů Reminder Worker started successfully

stdout | __tests__/security.test.js
Ôťů Campaign Worker started successfully

stdout | __tests__/security.test.js
Ôťů Automation Worker started successfully

stdout | __tests__/security.test.js
[dotenv@17.3.1] injecting env (0) from .env -- tip: ÔÜÖ´ŞĆ  write to custom object with { processEnv: myObject }
Ôťů MySQL Session Store konfiguriran

stdout | __tests__/security.test.js
Ôťů Server running on http://localhost:3000

 Ôťô __tests__/security.test.js > Security Verification Tests (Phase 1) > Test 3: User enumeration fix verification > should return identical 401 responses for unknown email and wrong password 37ms
 Ôťô __tests__/security.test.js > Security Verification Tests (Phase 1) > Test 2: Rate limit verification > should return 429 Too Many Requests after 5 rapid login attempts 25ms
 Ôťô __tests__/security.test.js > Security Verification Tests (Phase 1) > Test 1: IDOR fix verification > should pass businessId from session to Appointment.findById to prevent IDOR 1ms
 Ôťô __tests__/security.test.js > Security Verification Tests (Phase 1) > Test 4: Client IDOR fix verification > should explicitly pass businessId to Client.update to ensure tenant isolation 1ms

 Test Files  1 passed (1)
      Tests  4 passed (4)
   Start at  10:47:11
   Duration  1.23s (transform 475ms, setup 0ms, import 903ms, tests 65ms, environment 0ms)

